// Vitest Snapshot v1, https://vitest.dev/guide/snapshot.html

exports[`Tests Pexels API call > renders video after fetch 1`] = `
<div>
  <div
    class="relative "
  >
    <video
      autoplay=""
      class="w-full h-full object-cover"
      data-testid="video-element"
      playsinline=""
      src="https://test-video-link.com/video.mp4"
    />
    <div
      class="absolute bottom-6 right-40 w-12 h-12"
    >
      <svg
        class="absolute inset-0 w-full h-full -rotate-90"
        viewBox="0 0 80 80"
      >
        <circle
          cx="40"
          cy="40"
          fill="none"
          r="36"
          stroke="white"
          stroke-opacity="0.2"
          stroke-width="6"
        />
        <circle
          cx="40"
          cy="40"
          fill="none"
          r="36"
          stroke="white"
          stroke-dasharray="226.1946710584651"
          stroke-dashoffset="NaN"
          stroke-linecap="round"
          stroke-width="6"
        />
      </svg>
      <button
        class="absolute inset-0 m-auto flex items-center justify-center aspect-square rounded-full bg-white/10 backdrop-blur-sm text-white transition-all overflow-hidden"
        style="width: 80%; height: 80%;"
      >
        <span
          class="text-[10px] font-bold leading-none translate-x-[1px]"
        >
          ❚❚
        </span>
      </button>
    </div>
  </div>
</div>
`;
